// Jest Snapshot v1, https://goo.gl/fbAQLP

exports[`should load a row in the table when row details are passed  1`] = `
<tr
  className="MuiTableRow-root"
  role={null}
>
  <td
    aria-sort={null}
    className="MuiTableCell-root MuiTableCell-alignCenter"
  >
    TY897
  </td>
  <td
    aria-sort={null}
    className="MuiTableCell-root MuiTableCell-alignCenter"
  >
    1/25/2020, 7:30:00 AM
  </td>
  <td
    aria-sort={null}
    className="MuiTableCell-root MuiTableCell-alignCenter"
  >
    Delhi / Hyderabad
  </td>
  <td
    aria-sort={null}
    className="MuiTableCell-root MuiTableCell-alignCenter"
  >
    wheel chair,infant
  </td>
  <td
    aria-sort={null}
    className="MuiTableCell-root MuiTableCell-alignCenter"
  >
    Vegetarian,Continetal,Indian,Non-Vegetarian
  </td>
  <td
    aria-sort={null}
    className="MuiTableCell-root MuiTableCell-alignCenter"
  >
    Travel Kit,Eye Mask
  </td>
  <td
    aria-sort={null}
    className="MuiTableCell-root MuiTableCell-alignCenter"
  >
    <svg
      aria-hidden="true"
      className="MuiSvgIcon-root"
      focusable="false"
      onClick={[Function]}
      viewBox="0 0 24 24"
    >
      <path
        d="M3 17.25V21h3.75L17.81 9.94l-3.75-3.75L3 17.25zM20.71 7.04c.39-.39.39-1.02 0-1.41l-2.34-2.34a.9959.9959 0 00-1.41 0l-1.83 1.83 3.75 3.75 1.83-1.83z"
      />
    </svg>
    <svg
      aria-hidden="true"
      className="MuiSvgIcon-root"
      focusable="false"
      onClick={[Function]}
      viewBox="0 0 24 24"
    >
      <path
        d="M6 19c0 1.1.9 2 2 2h8c1.1 0 2-.9 2-2V7H6v12zM8 9h8v10H8V9zm7.5-5l-1-1h-5l-1 1H5v2h14V4z"
      />
    </svg>
  </td>
</tr>
`;
